{
  "version": "1.5.0",
  "plugins_used": [
    {
      "name": "ArtifactoryDetector"
    },
    {
      "name": "AWSKeyDetector"
    },
    {
      "name": "AzureStorageKeyDetector"
    },
    {
      "name": "Base64HighEntropyString",
      "limit": 4.5
    },
    {
      "name": "BasicAuthDetector"
    },
    {
      "name": "CloudantDetector"
    },
    {
      "name": "DiscordBotTokenDetector"
    },
    {
      "name": "GitHubTokenDetector"
    },
    {
      "name": "GitLabTokenDetector"
    },
    {
      "name": "HexHighEntropyString",
      "limit": 3.0
    },
    {
      "name": "IbmCloudIamDetector"
    },
    {
      "name": "IbmCosHmacDetector"
    },
    {
      "name": "IPPublicDetector"
    },
    {
      "name": "JwtTokenDetector"
    },
    {
      "name": "KeywordDetector",
      "keyword_exclude": ""
    },
    {
      "name": "MailchimpDetector"
    },
    {
      "name": "NpmDetector"
    },
    {
      "name": "OpenAIDetector"
    },
    {
      "name": "PrivateKeyDetector"
    },
    {
      "name": "PypiTokenDetector"
    },
    {
      "name": "SendGridDetector"
    },
    {
      "name": "SlackDetector"
    },
    {
      "name": "SoftlayerDetector"
    },
    {
      "name": "SquareOAuthDetector"
    },
    {
      "name": "StripeDetector"
    },
    {
      "name": "TelegramBotTokenDetector"
    },
    {
      "name": "TwilioKeyDetector"
    }
  ],
  "filters_used": [
    {
      "path": "detect_secrets.filters.allowlist.is_line_allowlisted"
    },
    {
      "path": "detect_secrets.filters.heuristic.is_indirect_reference"
    },
    {
      "path": "detect_secrets.filters.heuristic.is_likely_id_string"
    },
    {
      "path": "detect_secrets.filters.heuristic.is_lock_file"
    },
    {
      "path": "detect_secrets.filters.heuristic.is_not_alphanumeric_string"
    },
    {
      "path": "detect_secrets.filters.heuristic.is_potential_uuid"
    },
    {
      "path": "detect_secrets.filters.heuristic.is_prefixed_with_dollar_sign"
    },
    {
      "path": "detect_secrets.filters.heuristic.is_sequential_string"
    },
    {
      "path": "detect_secrets.filters.heuristic.is_swagger_file"
    },
    {
      "path": "detect_secrets.filters.heuristic.is_templated_secret"
    },
    {
      "path": "detect_secrets.filters.regex.should_exclude_file",
      "pattern": [
        "(^|[\\\\/])\\.secrets\\.baseline$"
      ]
    }
  ],
  "results": {
    "10-Guardrails-Middleware\\config\\pii.yaml": [
      {
        "type": "Secret Keyword",
        "filename": "10-Guardrails-Middleware\\config\\pii.yaml",
        "hashed_secret": "5ffe533b830f08a0326348a9160afafc8ada44db",
        "is_verified": false,
        "line_number": 8,
        "is_secret": false
      }
    ],
    "11-Streaming-Response-Infrastructure\\src\\stream\\config.py": [
      {
        "type": "Secret Keyword",
        "filename": "11-Streaming-Response-Infrastructure\\src\\stream\\config.py",
        "hashed_secret": "02ecb94373bfb3dfe827ca18409f50b016e8302a",
        "is_verified": false,
        "line_number": 30,
        "is_secret": false
      },
      {
        "type": "Secret Keyword",
        "filename": "11-Streaming-Response-Infrastructure\\src\\stream\\config.py",
        "hashed_secret": "a47b73f86ee6bcb6433b6376021b70102455aa1f",
        "is_verified": false,
        "line_number": 37,
        "is_secret": false
      },
      {
        "type": "Secret Keyword",
        "filename": "11-Streaming-Response-Infrastructure\\src\\stream\\config.py",
        "hashed_secret": "1db4aba2bc9d400d5e75f5473ff811cd819a436d",
        "is_verified": false,
        "line_number": 40,
        "is_secret": false
      }
    ],
    "11-Streaming-Response-Infrastructure\\tests\\test_provider_adapters.py": [
      {
        "type": "Secret Keyword",
        "filename": "11-Streaming-Response-Infrastructure\\tests\\test_provider_adapters.py",
        "hashed_secret": "3acfb2c2b433c0ea7ff107e33df91b18e52f960f",
        "is_verified": false,
        "line_number": 87,
        "is_secret": false
      }
    ],
    "16-Agentic-Document-Extraction\\tests\\test_diagnostics.py": [
      {
        "type": "Secret Keyword",
        "filename": "16-Agentic-Document-Extraction\\tests\\test_diagnostics.py",
        "hashed_secret": "5386426eea6a46785b9196398e2204cd1c0449a5",
        "is_verified": false,
        "line_number": 33,
        "is_secret": false
      }
    ],
    "2-Structured-Output-Engine\\src\\providers\\agnes_provider.py": [
      {
        "type": "Secret Keyword",
        "filename": "2-Structured-Output-Engine\\src\\providers\\agnes_provider.py",
        "hashed_secret": "cf716cdb711c84018738a1c13ee9c797ccde388d",
        "is_verified": false,
        "line_number": 22,
        "is_secret": false
      }
    ],
    "2-Structured-Output-Engine\\src\\providers\\gemini_provider.py": [
      {
        "type": "Secret Keyword",
        "filename": "2-Structured-Output-Engine\\src\\providers\\gemini_provider.py",
        "hashed_secret": "1db4aba2bc9d400d5e75f5473ff811cd819a436d",
        "is_verified": false,
        "line_number": 30,
        "is_secret": false
      }
    ],
    "2-Structured-Output-Engine\\src\\providers\\openai_compatible.py": [
      {
        "type": "Secret Keyword",
        "filename": "2-Structured-Output-Engine\\src\\providers\\openai_compatible.py",
        "hashed_secret": "02ecb94373bfb3dfe827ca18409f50b016e8302a",
        "is_verified": false,
        "line_number": 30,
        "is_secret": false
      }
    ],
    "2-Structured-Output-Engine\\tests\\test_providers.py": [
      {
        "type": "Secret Keyword",
        "filename": "2-Structured-Output-Engine\\tests\\test_providers.py",
        "hashed_secret": "e9a5f12a8ecbb3eb46eca5096b5c52aa5e7c9fdd",
        "is_verified": false,
        "line_number": 188,
        "is_secret": false
      }
    ],
    "4-LLM-Evaluation-Harness\\baselines\\current.json": [
      {
        "type": "Hex High Entropy String",
        "filename": "4-LLM-Evaluation-Harness\\baselines\\current.json",
        "hashed_secret": "c0208f896e5488033795bb95899d294b8882d78e",
        "is_verified": false,
        "line_number": 5,
        "is_secret": false
      }
    ]
  },
  "generated_at": "2026-09-12T16:14:02Z"
}
